// Jest Snapshot v1, https://goo.gl/fbAQLP

exports[`Gilded Rose should do a snapshot 1`] = `
Array [
  Item {
    "name": "+5 Dexterity Vest",
    "quality": 18,
    "sellIn": 8,
  },
  Item {
    "name": "Aged Brie",
    "quality": 2,
    "sellIn": 0,
  },
  Item {
    "name": "Elixir of the Mongoose",
    "quality": 5,
    "sellIn": 3,
  },
  Item {
    "name": "Sulfuras, Hand of Ragnaros",
    "quality": 80,
    "sellIn": 0,
  },
  Item {
    "name": "Sulfuras, Hand of Ragnaros",
    "quality": 80,
    "sellIn": -1,
  },
  Item {
    "name": "Backstage passes to a TAFKAL80ETC concert",
    "quality": 22,
    "sellIn": 13,
  },
  Item {
    "name": "Backstage passes to a TAFKAL80ETC concert",
    "quality": 50,
    "sellIn": 8,
  },
  Item {
    "name": "Backstage passes to a TAFKAL80ETC concert",
    "quality": 50,
    "sellIn": 3,
  },
  Item {
    "name": "Conjured Mana Cake",
    "quality": 4,
    "sellIn": 1,
  },
]
`;
